// Jest Snapshot v1, https://goo.gl/fbAQLP

exports[`TodoList TodoList snapshot test 1`] = `
<div>
  <Connect(AddItem) />
  <p
    className="add-msg"
  >
    Add some todoz!
  </p>
  <Connect(Filters) />
</div>
`;
